Copyright 1986-2022 Xilinx, Inc. All Rights Reserved.
----------------------------------------------------------------------------------------------------------------------------------------------
| Tool Version     : Vivado v.2022.2 (win64) Build 3671981 Fri Oct 14 05:00:03 MDT 2022
| Date             : Wed Apr 19 19:44:24 2023
| Host             : yusux running 64-bit major release  (build 9200)
| Command          : report_power -file platform_power_routed.rpt -pb platform_power_summary_routed.pb -rpx platform_power_routed.rpx
| Design           : platform
| Device           : xc7k160tfbg676-2L
| Design State     : routed
| Grade            : extended
| Process          : typical
| Characterization : Production
----------------------------------------------------------------------------------------------------------------------------------------------

Power Report

Table of Contents
-----------------
1. Summary
1.1 On-Chip Components
1.2 Power Supply Summary
1.3 Confidence Level
2. Settings
2.1 Environment
2.2 Clock Constraints
3. Detailed Reports
3.1 By Hierarchy

1. Summary
----------

+--------------------------+--------------+
| Total On-Chip Power (W)  | 35.571       |
| Design Power Budget (W)  | Unspecified* |
| Power Budget Margin (W)  | NA           |
| Dynamic (W)              | 34.824       |
| Device Static (W)        | 0.747        |
| Effective TJA (C/W)      | 1.9          |
| Max Ambient (C)          | 33.3         |
| Junction Temperature (C) | 91.7         |
| Confidence Level         | Low          |
| Setting File             | ---          |
| Simulation Activity File | ---          |
| Design Nets Matched      | NA           |
+--------------------------+--------------+
* Specify Design Power Budget using, set_operating_conditions -design_power_budget <value in Watts>


1.1 On-Chip Components
----------------------

+--------------------------+-----------+----------+-----------+-----------------+
| On-Chip                  | Power (W) | Used     | Available | Utilization (%) |
+--------------------------+-----------+----------+-----------+-----------------+
| Slice Logic              |     8.443 |     6870 |       --- |             --- |
|   LUT as Logic           |     7.912 |     3483 |    101400 |            3.43 |
|   CARRY4                 |     0.294 |      101 |     25350 |            0.40 |
|   Register               |     0.106 |     1588 |    202800 |            0.78 |
|   F7/F8 Muxes            |     0.068 |      836 |    101400 |            0.82 |
|   BUFG                   |     0.039 |        5 |        32 |           15.63 |
|   LUT as Distributed RAM |     0.024 |      636 |     35000 |            1.82 |
|   Others                 |     0.000 |       32 |       --- |             --- |
| Signals                  |    13.900 |     4910 |       --- |             --- |
| Block RAM                |     0.129 |        1 |       325 |            0.31 |
| I/O                      |    12.353 |       49 |       400 |           12.25 |
| Static Power             |     0.747 |          |           |                 |
| Total                    |    35.571 |          |           |                 |
+--------------------------+-----------+----------+-----------+-----------------+


1.2 Power Supply Summary
------------------------

+-----------+-------------+-----------+-------------+------------+-------------+-------------+------------+
| Source    | Voltage (V) | Total (A) | Dynamic (A) | Static (A) | Powerup (A) | Budget (A)  | Margin (A) |
+-----------+-------------+-----------+-------------+------------+-------------+-------------+------------+
| Vccint    |       1.000 |    23.151 |      22.549 |      0.602 |       NA    | Unspecified | NA         |
| Vccaux    |       1.800 |     0.548 |       0.501 |      0.047 |       NA    | Unspecified | NA         |
| Vcco33    |       3.300 |     3.123 |       3.122 |      0.001 |       NA    | Unspecified | NA         |
| Vcco25    |       2.500 |     0.000 |       0.000 |      0.000 |       NA    | Unspecified | NA         |
| Vcco18    |       1.800 |     0.573 |       0.572 |      0.001 |       NA    | Unspecified | NA         |
| Vcco15    |       1.500 |     0.020 |       0.019 |      0.001 |       NA    | Unspecified | NA         |
| Vcco135   |       1.350 |     0.000 |       0.000 |      0.000 |       NA    | Unspecified | NA         |
| Vcco12    |       1.200 |     0.000 |       0.000 |      0.000 |       NA    | Unspecified | NA         |
| Vccaux_io |       1.800 |     0.000 |       0.000 |      0.000 |       NA    | Unspecified | NA         |
| Vccbram   |       1.000 |     0.029 |       0.010 |      0.019 |       NA    | Unspecified | NA         |
| MGTAVcc   |       1.000 |     0.000 |       0.000 |      0.000 |       NA    | Unspecified | NA         |
| MGTAVtt   |       1.200 |     0.000 |       0.000 |      0.000 |       NA    | Unspecified | NA         |
| MGTVccaux |       1.800 |     0.000 |       0.000 |      0.000 |       NA    | Unspecified | NA         |
| Vccadc    |       1.800 |     0.020 |       0.000 |      0.020 |       NA    | Unspecified | NA         |
+-----------+-------------+-----------+-------------+------------+-------------+-------------+------------+


1.3 Confidence Level
--------------------

+-----------------------------+------------+--------------------------------------------------------+--------------------------------------------------------------------------------------------------------------------+
| User Input Data             | Confidence | Details                                                | Action                                                                                                             |
+-----------------------------+------------+--------------------------------------------------------+--------------------------------------------------------------------------------------------------------------------+
| Design implementation state | High       | Design is routed                                       |                                                                                                                    |
| Clock nodes activity        | Low        | User specified less than 75% of clocks                 | Provide missing clock activity with a constraint file, simulation results or by editing the "By Clock Domain" view |
| I/O nodes activity          | Low        | More than 75% of inputs are missing user specification | Provide missing input activity with simulation results or by editing the "By Resource Type -> I/Os" view           |
| Internal nodes activity     | Medium     | User specified less than 25% of internal nodes         | Provide missing internal nodes activity with simulation results or by editing the "By Resource Type" views         |
| Device models               | High       | Device models are Production                           |                                                                                                                    |
|                             |            |                                                        |                                                                                                                    |
| Overall confidence level    | Low        |                                                        |                                                                                                                    |
+-----------------------------+------------+--------------------------------------------------------+--------------------------------------------------------------------------------------------------------------------+


2. Settings
-----------

2.1 Environment
---------------

+-----------------------+--------------------------+
| Ambient Temp (C)      | 25.0                     |
| ThetaJA (C/W)         | 1.9                      |
| Airflow (LFM)         | 250                      |
| Heat Sink             | medium (Medium Profile)  |
| ThetaSA (C/W)         | 3.4                      |
| Board Selection       | medium (10"x10")         |
| # of Board Layers     | 12to15 (12 to 15 Layers) |
| Board Temperature (C) | 25.0                     |
+-----------------------+--------------------------+


2.2 Clock Constraints
---------------------

+-------+--------+-----------------+
| Clock | Domain | Constraint (ns) |
+-------+--------+-----------------+


3. Detailed Reports
-------------------

3.1 By Hierarchy
----------------

+-----------------------------------+-----------+
| Name                              | Power (W) |
+-----------------------------------+-----------+
| platform                          |    34.824 |
|   U1                              |     3.902 |
|     U1                            |     0.319 |
|     U2                            |     3.583 |
|       ALU_U                       |     0.168 |
|       MUX2T1_32_0_U0              |     0.157 |
|       MUX2T1_32_0_U1              |     0.135 |
|       MUX2T1_32_0_U2              |     0.069 |
|       MUX4T1_32_0_U               |     0.486 |
|       PC_U                        |     1.005 |
|       Regs_U                      |     1.241 |
|   U10                             |     1.443 |
|   U11                             |    11.351 |
|     inst__0                       |    11.351 |
|       vga_controller              |     1.849 |
|       vga_debugger                |     9.165 |
|       vga_display                 |     0.337 |
|   U2                              |     2.023 |
|     U0                            |     2.023 |
|       synth_options.dist_mem_inst |     2.023 |
|   U3                              |     0.526 |
|     U0                            |     0.526 |
|       inst_blk_mem_gen            |     0.526 |
|   U4                              |     0.526 |
|   U5                              |     0.660 |
|   U6                              |     1.143 |
|     M2                            |     0.285 |
|     SM1                           |     0.858 |
|       HTS0                        |     0.092 |
|       HTS1                        |     0.091 |
|       HTS2                        |     0.104 |
|       HTS3                        |     0.099 |
|       HTS4                        |     0.097 |
|       HTS5                        |     0.107 |
|       HTS6                        |     0.139 |
|       HTS7                        |     0.129 |
|   U7                              |     0.146 |
|     LED_P2S                       |     0.146 |
|   U8                              |     0.420 |
|   U9                              |     0.118 |
+-----------------------------------+-----------+


